[17:31:02] Функция 'inject_adaptive_goth_palette' вызвана из 'run_forever'.
          Переданные аргументы: args=(<live2d_module.Live2DWidget object at 0x000002436B31A530>, True), kwargs={}
          Скорость рантайма: 35.21 мс
--------------------------------------------------------------------------------
[17:33:54] Функция 'inject_adaptive_goth_palette' вызвана из 'run_forever'.
          Переданные аргументы: args=(<live2d_module.Live2DWidget object at 0x000002172480A530>, True), kwargs={}
          Скорость рантайма: 32.01 мс
--------------------------------------------------------------------------------
[17:34:25] Функция 'inject_adaptive_goth_palette' вызвана из 'run_forever'.
          Переданные аргументы: args=(<live2d_module.Live2DWidget object at 0x0000029C2947A530>, True), kwargs={}
          Скорость рантайма: 32.56 мс
--------------------------------------------------------------------------------
[17:57:20] Функция 'inject_adaptive_goth_palette' вызвана из 'run_forever'.
          Переданные аргументы: args=(<live2d_module.Live2DWidget object at 0x000001BB36D8A530>, True), kwargs={}
          Скорость рантайма: 0.00 мс
--------------------------------------------------------------------------------
[17:57:52] Функция 'inject_adaptive_goth_palette' вызвана из 'run_forever'.
          Переданные аргументы: args=(<live2d_module.Live2DWidget object at 0x0000013CA064A530>, True), kwargs={}
          Скорость рантайма: 0.00 мс
--------------------------------------------------------------------------------
[18:02:34] Функция 'inject_adaptive_goth_palette' вызвана из 'run_forever'.
          Переданные аргументы: args=(<live2d_module.Live2DWidget object at 0x000001904248A530>, True), kwargs={}
          Скорость рантайма: 0.00 мс
--------------------------------------------------------------------------------
[18:15:12] Функция 'inject_adaptive_goth_palette' вызвана из 'run_forever'.
          Переданные аргументы: args=(<live2d_module.Live2DWidget object at 0x0000026CE3D2A5D0>, True), kwargs={}
          Скорость рантайма: 0.00 мс
--------------------------------------------------------------------------------
[19:07:30] Функция 'inject_adaptive_goth_palette' вызвана из 'run_forever'.
          Переданные аргументы: args=(<live2d_module.Live2DWidget object at 0x00000185F407A5D0>, True), kwargs={}
          Скорость рантайма: 0.00 мс
--------------------------------------------------------------------------------
[08:15:18] Функция 'inject_adaptive_goth_palette' вызвана из 'run_forever'.
          Переданные аргументы: args=(<live2d_module.Live2DWidget object at 0x0000010EA8961D10>, True), kwargs={}
          Скорость рантайма: 0.00 мс
--------------------------------------------------------------------------------
[08:17:40] Функция 'inject_adaptive_goth_palette' вызвана из 'run_forever'.
          Переданные аргументы: args=(<live2d_module.Live2DWidget object at 0x000001C47D5E1D10>, True), kwargs={}
          Скорость рантайма: 0.00 мс
--------------------------------------------------------------------------------
[08:33:15] Функция 'inject_adaptive_goth_palette' вызвана из 'run_forever'.
          Переданные аргументы: args=(<live2d_module.Live2DWidget object at 0x00000226A7211D10>, True), kwargs={}
          Скорость рантайма: 0.00 мс
--------------------------------------------------------------------------------
[08:02:50] Функция 'inject_adaptive_goth_palette' вызвана из 'run_forever'.
          Переданные аргументы: args=(<live2d_module.Live2DWidget object at 0x0000024CAC1A1D10>, True), kwargs={}
          Скорость рантайма: 0.00 мс
--------------------------------------------------------------------------------
[08:03:14] Функция 'inject_adaptive_goth_palette' вызвана из 'run_forever'.
          Переданные аргументы: args=(<live2d_module.Live2DWidget object at 0x000002CC539F1D10>, True), kwargs={}
          Скорость рантайма: 0.00 мс
--------------------------------------------------------------------------------
[09:08:39] Функция 'inject_adaptive_goth_palette' вызвана из 'run_forever'.
          Переданные аргументы: args=(<live2d_module.Live2DWidget object at 0x000001D7CCFF1D10>, True), kwargs={}
          Скорость рантайма: 0.00 мс
--------------------------------------------------------------------------------
[09:09:02] Функция 'inject_adaptive_goth_palette' вызвана из 'run_forever'.
          Переданные аргументы: args=(<live2d_module.Live2DWidget object at 0x000001ACF0021D10>, True), kwargs={}
          Скорость рантайма: 0.00 мс
--------------------------------------------------------------------------------
[09:13:41] Функция 'inject_adaptive_goth_palette' вызвана из 'run_forever'.
          Переданные аргументы: args=(<live2d_module.Live2DWidget object at 0x00000285CAF81DB0>, True), kwargs={}
          Скорость рантайма: 0.00 мс
--------------------------------------------------------------------------------
[09:22:04] Функция 'inject_adaptive_goth_palette' вызвана из 'run_forever'.
          Переданные аргументы: args=(<live2d_module.Live2DWidget object at 0x000001F061F61F90>, True), kwargs={}
          Скорость рантайма: 0.00 мс
--------------------------------------------------------------------------------
[09:46:46] Функция 'inject_adaptive_goth_palette' вызвана из 'run_forever'.
          Переданные аргументы: args=(<live2d_module.Live2DWidget object at 0x000001C458211F90>, True), kwargs={}
          Скорость рантайма: 0.00 мс
--------------------------------------------------------------------------------
[09:49:31] Функция 'inject_adaptive_goth_palette' вызвана из 'run_forever'.
          Переданные аргументы: args=(<live2d_module.Live2DWidget object at 0x000001A4CE1C1F90>, True), kwargs={}
          Скорость рантайма: 0.00 мс
--------------------------------------------------------------------------------
[09:57:34] Функция 'inject_adaptive_goth_palette' вызвана из 'run_forever'.
          Переданные аргументы: args=(<live2d_module.Live2DWidget object at 0x0000021549891F90>, True), kwargs={}
          Скорость рантайма: 0.00 мс
--------------------------------------------------------------------------------
[10:01:31] Функция 'inject_adaptive_goth_palette' вызвана из 'run_forever'.
          Переданные аргументы: args=(<live2d_module.Live2DWidget object at 0x000001EE69291F90>, True), kwargs={}
          Скорость рантайма: 0.00 мс
--------------------------------------------------------------------------------
[10:01:56] Функция 'inject_adaptive_goth_palette' вызвана из 'run_forever'.
          Переданные аргументы: args=(<live2d_module.Live2DWidget object at 0x0000028B842E1F90>, True), kwargs={}
          Скорость рантайма: 0.00 мс
--------------------------------------------------------------------------------
[10:41:12] Функция 'inject_adaptive_goth_palette' вызвана из 'run_forever'.
          Переданные аргументы: args=(<live2d_module.Live2DWidget object at 0x0000014D5F512170>, True), kwargs={}
          Скорость рантайма: 0.00 мс
--------------------------------------------------------------------------------
[10:41:41] Функция 'inject_adaptive_goth_palette' вызвана из 'run_forever'.
          Переданные аргументы: args=(<live2d_module.Live2DWidget object at 0x00000221D1EB2170>, True), kwargs={}
          Скорость рантайма: 0.00 мс
--------------------------------------------------------------------------------
[10:42:10] Функция 'inject_adaptive_goth_palette' вызвана из 'run_forever'.
          Переданные аргументы: args=(<live2d_module.Live2DWidget object at 0x0000018DE1AA2170>, True), kwargs={}
          Скорость рантайма: 0.00 мс
--------------------------------------------------------------------------------
[11:44:53] Функция 'inject_adaptive_goth_palette' вызвана из 'run_forever'.
          Переданные аргументы: args=(<live2d_module.Live2DWidget object at 0x000001D5D80C2170>, True), kwargs={}
          Скорость рантайма: 0.00 мс
--------------------------------------------------------------------------------
[11:45:12] Функция 'inject_adaptive_goth_palette' вызвана из 'run_forever'.
          Переданные аргументы: args=(<live2d_module.Live2DWidget object at 0x000002297F922170>, True), kwargs={}
          Скорость рантайма: 0.00 мс
--------------------------------------------------------------------------------
[11:45:27] Функция 'inject_adaptive_goth_palette' вызвана из 'run_forever'.
          Переданные аргументы: args=(<live2d_module.Live2DWidget object at 0x000001A9199A2170>, True), kwargs={}
          Скорость рантайма: 0.00 мс
--------------------------------------------------------------------------------
[11:45:43] Функция 'inject_adaptive_goth_palette' вызвана из 'run_forever'.
          Переданные аргументы: args=(<live2d_module.Live2DWidget object at 0x0000024985872170>, True), kwargs={}
          Скорость рантайма: 0.00 мс
--------------------------------------------------------------------------------
[11:54:12] Функция 'inject_adaptive_goth_palette' вызвана из 'run_forever'.
          Переданные аргументы: args=(<live2d_module.Live2DWidget object at 0x00000220290A2170>, True), kwargs={}
          Скорость рантайма: 0.00 мс
--------------------------------------------------------------------------------
[11:59:52] Функция 'inject_adaptive_goth_palette' вызвана из 'run_forever'.
          Переданные аргументы: args=(<live2d_module.Live2DWidget object at 0x00000293B1E82170>, True), kwargs={}
          Скорость рантайма: 0.00 мс
--------------------------------------------------------------------------------
[12:44:20] Функция 'inject_adaptive_goth_palette' вызвана из 'run_forever'.
          Переданные аргументы: args=(<live2d_module.Live2DWidget object at 0x0000018B63E02170>, True), kwargs={}
          Скорость рантайма: 0.00 мс
--------------------------------------------------------------------------------
[23:12:42] Функция 'inject_adaptive_goth_palette' вызвана из 'run_forever'.
          Переданные аргументы: args=(<live2d_module.Live2DWidget object at 0x00000266D36F2170>, True), kwargs={}
          Скорость рантайма: 0.00 мс
--------------------------------------------------------------------------------
[11:04:02] Функция 'inject_adaptive_goth_palette' вызвана из 'run_forever'.
          Переданные аргументы: args=(<live2d_module.Live2DWidget object at 0x000002DB33B42170>, True), kwargs={}
          Скорость рантайма: 0.00 мс
--------------------------------------------------------------------------------
[11:04:39] Функция 'inject_adaptive_goth_palette' вызвана из 'run_forever'.
          Переданные аргументы: args=(<live2d_module.Live2DWidget object at 0x000001B2696C2170>, True), kwargs={}
          Скорость рантайма: 0.00 мс
--------------------------------------------------------------------------------
[11:11:45] Функция 'inject_adaptive_goth_palette' вызвана из 'run_forever'.
          Переданные аргументы: args=(<live2d_module.Live2DWidget object at 0x000001ECB0A02170>, True), kwargs={}
          Скорость рантайма: 0.00 мс
--------------------------------------------------------------------------------
[11:41:04] Функция 'inject_adaptive_goth_palette' вызвана из 'run_forever'.
          Переданные аргументы: args=(<live2d_module.Live2DWidget object at 0x000001BB87F42170>, True), kwargs={}
          Скорость рантайма: 0.00 мс
--------------------------------------------------------------------------------
[11:42:42] Функция 'inject_adaptive_goth_palette' вызвана из 'run_forever'.
          Переданные аргументы: args=(<live2d_module.Live2DWidget object at 0x00000234CC6C2170>, True), kwargs={}
          Скорость рантайма: 0.00 мс
--------------------------------------------------------------------------------
[12:57:18] Функция 'inject_adaptive_goth_palette' вызвана из 'run_forever'.
          Переданные аргументы: args=(<live2d_module.Live2DWidget object at 0x000001DE38A42170>, True), kwargs={}
          Скорость рантайма: 0.00 мс
--------------------------------------------------------------------------------
[13:10:29] Функция 'inject_adaptive_goth_palette' вызвана из 'run_forever'.
          Переданные аргументы: args=(<live2d_module.Live2DWidget object at 0x000002B740CB2170>, True), kwargs={}
          Скорость рантайма: 0.00 мс
--------------------------------------------------------------------------------
[14:54:28] Функция 'inject_adaptive_goth_palette' вызвана из 'run_forever'.
          Переданные аргументы: args=(<live2d_module.Live2DWidget object at 0x000001CF6E5B2170>, True), kwargs={}
          Скорость рантайма: 0.00 мс
--------------------------------------------------------------------------------
[19:05:17] Функция 'inject_adaptive_goth_palette' вызвана из 'run_forever'.
          Переданные аргументы: args=(<live2d_module.Live2DWidget object at 0x000002921F282170>, True), kwargs={}
          Скорость рантайма: 0.00 мс
--------------------------------------------------------------------------------
[19:05:31] Функция 'inject_adaptive_goth_palette' вызвана из 'run_forever'.
          Переданные аргументы: args=(<live2d_module.Live2DWidget object at 0x000002246C502170>, True), kwargs={}
          Скорость рантайма: 0.00 мс
--------------------------------------------------------------------------------
[19:07:56] Функция 'inject_adaptive_goth_palette' вызвана из 'run_forever'.
          Переданные аргументы: args=(<live2d_module.Live2DWidget object at 0x00000157E8872170>, True), kwargs={}
          Скорость рантайма: 0.00 мс
--------------------------------------------------------------------------------
[19:56:30] Функция 'inject_adaptive_goth_palette' вызвана из 'run_forever'.
          Переданные аргументы: args=(<live2d_module.Live2DWidget object at 0x000001F66B9E2170>, True), kwargs={}
          Скорость рантайма: 0.00 мс
--------------------------------------------------------------------------------
